System Report for 2026-07-08

--- Disk Usage ---
Filesystem      Size  Used Avail Use% Mounted on
/dev/sdb        251G  1.5G  237G   1% /
none            3.8G  4.0K  3.8G   1% /mnt/wsl
tools           931G   87G  845G  10% /init
none            3.8G     0  3.8G   0% /run
none            3.8G     0  3.8G   0% /run/lock
none            3.8G     0  3.8G   0% /run/shm
none            3.8G     0  3.8G   0% /run/user
tmpfs           3.8G     0  3.8G   0% /sys/fs/cgroup
drivers         931G   87G  845G  10% /usr/lib/wsl/drivers
lib             931G   87G  845G  10% /usr/lib/wsl/lib
drvfs           931G   87G  845G  10% /mnt/c

--- Memory Usage ---
               total        used        free      shared  buff/cache   available
Mem:            7758         238        7616           0          64        7520
Swap:           2048           0        2048

--- Total Running Proccess ---
--- Total Running Processes: 10 ---

--- Top 5 Memory-Consuming Processes ---
USER       PID %CPU %MEM    VSZ   RSS TTY      STAT START   TIME COMMAND
fatiha23     9  0.0  0.0   6068  5264 pts/0    Ss   00:15   0:00 -bash
fatiha23    74  0.0  0.0   8276  4208 pts/0    R+   00:17   0:00 ps aux --sort=-%mem
fatiha23    60  0.0  0.0   4748  3492 pts/0    S+   00:17   0:00 /bin/bash ./system_check.sh
root         1  0.0  0.0   1744  1084 ?        Sl   00:15   0:00 /init
fatiha23    75  0.0  0.0   3132  1084 pts/0    S+   00:17   0:00 head -n 6

Report saved to logs/system_report_2026-07-08.log
System Report for 2026-07-08

--- Disk Usage ---
Filesystem      Size  Used Avail Use% Mounted on
/dev/sdb        251G  1.5G  237G   1% /
none            3.8G  4.0K  3.8G   1% /mnt/wsl
tools           931G   87G  845G  10% /init
none            3.8G     0  3.8G   0% /run
none            3.8G     0  3.8G   0% /run/lock
none            3.8G     0  3.8G   0% /run/shm
none            3.8G     0  3.8G   0% /run/user
tmpfs           3.8G     0  3.8G   0% /sys/fs/cgroup
drivers         931G   87G  845G  10% /usr/lib/wsl/drivers
lib             931G   87G  845G  10% /usr/lib/wsl/lib
drvfs           931G   87G  845G  10% /mnt/c

--- Memory Usage ---
               total        used        free      shared  buff/cache   available
Mem:            7758         244        7605           0          74        7514
Swap:           2048           0        2048

--- CPU Uptime ---
 00:25:27 up 10 min,  0 user,  load average: 0.02, 0.03, 0.01

--- Total Running Proccess ---
--- Total Running Processes: 10 ---

--- Top 5 Memory-Consuming Processes ---
USER       PID %CPU %MEM    VSZ   RSS TTY      STAT START   TIME COMMAND
fatiha23     9  0.0  0.0   6068  5264 pts/0    Ss   00:15   0:00 -bash
fatiha23    93  0.0  0.0   8276  4216 pts/0    R+   00:25   0:00 ps aux --sort=-%mem
fatiha23    78  0.0  0.0   4748  3472 pts/0    S+   00:25   0:00 /bin/bash ./system_check.sh
root         1  0.0  0.0   1744  1084 ?        Sl   00:15   0:00 /init
fatiha23    94  0.0  0.0   3132  1064 pts/0    S+   00:25   0:00 head -n 6

Report saved to logs/system_report_2026-07-08.log
