=== USER INFO ===
=== USER INFO ===
=== USER INFO ===
=== USER INFO ===
=== USER INFO ===
=== USER INFO ===
=== USER INFO ===
=== USER INFO ===
=== USER INFO ===
[2026-04-30 10:58:00] Hello Jimmy, Trust you're doing fine today. It's good to know you're from Nigeria
[2026-04-30 10:58:00] You are 20 years old. You're an Adult!
Script Completed and logged successfully
=== USER INFO ===
=== USER INFO ===
[2026-05-02 05:03:23] One of the inputs is missing. Please, answer all prompts
=== USER INFO ===
[2026-05-02 05:10:59] Error: Input is Missing
=== USER INFO ===
[2026-05-02 05:11:09] Error: Input is Missing
=== USER INFO ===
[2026-05-02 05:11:59] Error: Input is Missing
=== USER INFO ===
[2026-05-02 05:12:10] Error: Input is Missing
=== USER INFO ===
[2026-05-02 05:12:36] Error: Non-Numeric input for age
=== USER INFO ===
[2026-05-02 05:12:59] Hello Jimm, Trust you're doing fine today. It's good to know you're from Nigeria
[2026-05-02 05:12:59] You are 20 years old. You're an Adult!
=== Script Completed ===
=== USER INFO ===
[2026-05-02 05:13:57] Hello Jimm, Trust you're doing fine today. It's good to know you're from Afghanistan
[2026-05-02 05:13:57] You are a minor as you're less than 18 years.
=== Script Completed ===
=== USER INFO ===
[2026-05-02 05:14:21] Hello Jimm, Trust you're doing fine today. It's good to know you're from India
[2026-05-02 05:14:21] You're 65 years old. You are a senior
=== Script Completed ===
=== USER INFO ===
[2026-05-02 05:15:18] Hello Jimm, Trust you're doing fine today. It's good to know you're from Ghana
[2026-05-02 05:15:18] You're 70 years old. You are a senior
=== Script Completed ===
=== USER INFO ===
[2026-05-02 05:15:47] Hello Dele, Trust you're doing fine today. It's good to know you're from USA
[2026-05-02 05:15:47] You are 60 years old. You're an Adult!
=== Script Completed ===
