2026-05-06 09:59:15 - Running ALL scripts
2026-05-06 09:59:15 - START: User Info
2026-05-06 09:59:43 - SUCCESS: User Info
2026-05-06 09:59:43 - START: System Check
2026-05-06 09:59:44 - SUCCESS: System Check
2026-05-06 09:59:44 - START: Backup
2026-05-06 09:59:44 - SUCCESS: Backup
2026-05-06 09:59:44 - START: Process Monitor
2026-05-06 09:59:45 - SUCCESS: Process Monitor
2026-05-06 09:59:45 - START: File Manager (list)
2026-05-06 09:59:46 - SUCCESS: File Manager (list)
2026-05-06 10:00:55 - Running ALL scripts
2026-05-06 10:00:55 - START: User Info
2026-05-06 10:03:21 - SUCCESS: User Info
2026-05-06 10:03:21 - START: System Check
2026-05-06 10:03:21 - SUCCESS: System Check
2026-05-06 10:03:21 - START: Backup
2026-05-06 10:03:22 - SUCCESS: Backup
2026-05-06 10:03:22 - START: Process Monitor
2026-05-06 10:03:23 - SUCCESS: Process Monitor
2026-05-06 10:03:23 - START: File Manager (list)
2026-05-06 10:03:23 - SUCCESS: File Manager (list)
2026-05-06 10:03:29 - Exiting application
