=== System Report - Tue May 19 16:37:47 WAT 2026 ===
Disk Usage:
Filesystem        Size    Used   Avail Capacity iused ifree %iused  Mounted on
/dev/disk3s3s1   460Gi    12Gi   340Gi     4%    458k  3.6G    0%   /
devfs            199Ki   199Ki     0Bi   100%     690     0  100%   /dev
/dev/disk3s6     460Gi    20Ki   340Gi     1%       0  3.6G    0%   /System/Volumes/VM
/dev/disk3s4     460Gi   8.4Gi   340Gi     3%    1.5k  3.6G    0%   /System/Volumes/Preboot
/dev/disk3s2     460Gi    47Mi   340Gi     1%     134  3.6G    0%   /System/Volumes/Update
/dev/disk1s2     500Mi   6.0Mi   481Mi     2%       1  4.9M    0%   /System/Volumes/xarts
/dev/disk1s1     500Mi   5.6Mi   481Mi     2%      31  4.9M    0%   /System/Volumes/iSCPreboot
/dev/disk1s3     500Mi   3.0Mi   481Mi     1%      52  4.9M    0%   /System/Volumes/Hardware
/dev/disk3s1     460Gi    99Gi   340Gi    23%    380k  3.6G    0%   /System/Volumes/Data
map auto_home      0Bi     0Bi     0Bi   100%       0     0     -   /System/Volumes/Data/home

Memory Usage:
Pages free: 150.984375
Pages active: 1699.45703125
Pages inactive: 1654.51171875
Pages speculative: 37.08984375
Pages throttled: 0
Pages wired down: 293.68359375
Pages purgeable: 91.28515625
"Translation faults": 111039.44921875
Pages copy-on-write: 4358.078125
Pages zero filled: 79264.6015625
Pages reactivated: 759.109375
Pages purged: 1047.8125
File-backed pages: 1467.05859375
Anonymous pages: 1924
Pages stored in compressor: 297.3984375
Pages occupied by compressor: 105.36328125
Decompressions: 27.41015625
Compressions: 340.2890625
Pageins: 2347.109375
Pageouts: 12.9921875
Swapins: 0
Swapouts: 0

CPU Load:
16:37  up  4:55, 2 users, load averages: 1.29 1.57 1.54

Total Running Processes:      659

Top 5 Memory Consuming Processes:
