=== System Report - Tue May 19 16:47:49 WAT 2026 ===
Disk Usage:
Filesystem        Size    Used   Avail Capacity iused ifree %iused  Mounted on
/dev/disk3s3s1   460Gi    12Gi   340Gi     4%    458k  3.6G    0%   /
devfs            199Ki   199Ki     0Bi   100%     690     0  100%   /dev
/dev/disk3s6     460Gi    20Ki   340Gi     1%       0  3.6G    0%   /System/Volumes/VM
/dev/disk3s4     460Gi   8.4Gi   340Gi     3%    1.5k  3.6G    0%   /System/Volumes/Preboot
/dev/disk3s2     460Gi    47Mi   340Gi     1%     134  3.6G    0%   /System/Volumes/Update
/dev/disk1s2     500Mi   6.0Mi   481Mi     2%       1  4.9M    0%   /System/Volumes/xarts
/dev/disk1s1     500Mi   5.6Mi   481Mi     2%      31  4.9M    0%   /System/Volumes/iSCPreboot
/dev/disk1s3     500Mi   3.0Mi   481Mi     1%      52  4.9M    0%   /System/Volumes/Hardware
/dev/disk3s1     460Gi    99Gi   340Gi    23%    380k  3.6G    0%   /System/Volumes/Data
map auto_home      0Bi     0Bi     0Bi   100%       0     0     -   /System/Volumes/Data/home

Memory Usage:
Memory stats tool (free) not available on this system.
Pages free: 155.7421875
Pages active: 1705.55078125
Pages inactive: 1648.484375
Pages speculative: 31.46875
Pages throttled: 0
Pages wired down: 295.4296875
Pages purgeable: 83.51953125
"Translation faults": 114738.23046875
Pages copy-on-write: 4626.36328125
Pages zero filled: 81345.015625
Pages reactivated: 765.80078125
Pages purged: 1100.9765625
File-backed pages: 1464
Anonymous pages: 1921.50390625
Pages stored in compressor: 291.9921875
Pages occupied by compressor: 104.421875
Decompressions: 27.515625
Compressions: 340.2890625
Pageins: 2360.796875
Pageouts: 12.9921875
Swapins: 0
Swapouts: 0

CPU Load:
16:47  up  5:05, 2 users, load averages: 2.84 1.70 1.52

Total Running Processes:      660

Top 5 Memory Consuming Processes:
%MEM   PID  PPID USER             COMMAND
 3.7  2298     1 Lucky            WhatsApp
 2.2  1927     1 Lucky            Google Chrome
 2.1  2143  1927 Lucky            Google Chrome Helper (Renderer)
 1.7  2477  1927 Lucky            Google Chrome Helper (Renderer)
 1.7  2192  1927 Lucky            Google Chrome Helper (Renderer)
